// Jest Snapshot v1, https://goo.gl/fbAQLP

exports[`should render Header correction 1`] = `
<header
  className="header"
>
  <div
    className="content-container"
  >
    <div
      className="header__content"
    >
      <Link
        className="header__title"
        replace={false}
        to="/"
      >
        <h1>
          Expensify
        </h1>
      </Link>
      <NavLink
        activeClassName="is-active"
        ariaCurrent="true"
        to="/create"
      >
        Create Expense
      </NavLink>
    </div>
  </div>
</header>
`;
